<html>
<body>
<pre>
<h1>µVision Build Log</h1>
<h2>Tool Versions:</h2>
IDE-Version: ¦ÌVision V5.42.0.0
Copyright (C) 2025 ARM Ltd and ARM Germany GmbH. All rights reserved.
License Information: 123 123123, 123, LIC=S5ISZ-J99GA-24FSS-L4YBB-CRL72-MAXLA
 
Tool Versions:
Toolchain:       MDK-ARM Professional  Version: 5.42.0.0
Toolchain Path:  D:\keil\core\ARM\ARMCC\Bin
C Compiler:      Armcc.exe V5.06 update 6 (build 750)
Assembler:       Armasm.exe V5.06 update 6 (build 750)
Linker/Locator:  ArmLink.exe V5.06 update 6 (build 750)
Library Manager: ArmAr.exe V5.06 update 6 (build 750)
Hex Converter:   FromElf.exe V5.06 update 6 (build 750)
CPU DLL:         SARMCM3.DLL V5.42.0.0
Dialog DLL:      DCM.DLL V1.17.5.0
Target DLL:      STLink\ST-LINKIII-KEIL_SWO.dll V3.3.0.0
Dialog DLL:      TCM.DLL V1.56.6.0
 
<h2>Project:</h2>
D:\Re\MDK-ARM\Re.uvprojx
Project File Date:  02/28/2026

<h2>Output:</h2>
*** Using Compiler 'V5.06 update 6 (build 750)', folder: 'D:\keil\core\ARM\ARMCC\Bin'
Rebuild target 'Re'
assembling startup_stm32f103xe.s...
compiling main.c...
../Core/Src/main.c(98): warning:  #223-D: function "BH1750_Init" declared implicitly
    BH1750_Init();
../Core/Src/main.c(101): warning:  #223-D: function "SSD1306_Init" declared implicitly
    SSD1306_Init();
../Core/Src/main.c(102): warning:  #223-D: function "SSD1306_Clear" declared implicitly
    SSD1306_Clear();
../Core/Src/main.c(112): warning:  #223-D: function "BH1750_ReadAll" declared implicitly
      BH1750_ReadAll(sensor_data);
../Core/Src/main.c(116): warning:  #223-D: function "SSD1306_SetCursor" declared implicitly
      SSD1306_SetCursor(0, 0);
../Core/Src/main.c(117): warning:  #223-D: function "SSD1306_WriteString" declared implicitly
      SSD1306_WriteString("S1:");
../Core/Src/main.c(118): warning:  #223-D: function "SSD1306_WriteInt" declared implicitly
      SSD1306_WriteInt(sensor_data[0]);
../Core/Src/main.c(144): warning:  #223-D: function "Servo_SetAngle" declared implicitly
      Servo_SetAngle(&htim2, TIM_CHANNEL_1, pitch_angle);
../Core/Src/main.c: 8 warnings, 0 errors
compiling stm32f1xx_hal_gpio_ex.c...
compiling tim.c...
compiling gpio.c...
compiling i2c.c...
compiling spi.c...
compiling stm32f1xx_hal_msp.c...
compiling stm32f1xx_it.c...
compiling stm32f1xx_hal.c...
compiling stm32f1xx_hal_rcc.c...
compiling stm32f1xx_hal_i2c.c...
compiling stm32f1xx_hal_rcc_ex.c...
compiling stm32f1xx_hal_gpio.c...
compiling stm32f1xx_hal_cortex.c...
compiling stm32f1xx_hal_exti.c...
compiling stm32f1xx_hal_flash_ex.c...
compiling stm32f1xx_hal_pwr.c...
compiling stm32f1xx_hal_flash.c...
compiling stm32f1xx_hal_dma.c...
compiling stm32f1xx_hal_spi.c...
compiling stm32f1xx_hal_tim_ex.c...
compiling stm32f1xx_hal_tim.c...
compiling system_stm32f1xx.c...
compiling bh1750.c...
bh1750.h(14): warning:  #1-D: last line of file ends without a newline
  #endif
bh1750.c(35): warning:  #1-D: last line of file ends without a newline
  }
bh1750.c: 2 warnings, 0 errors
compiling servo.c...
servo.h(8): warning:  #1-D: last line of file ends without a newline
  #endif
servo.c(9): warning:  #1-D: last line of file ends without a newline
  }
servo.c: 2 warnings, 0 errors
compiling ssd1360.c...
ssd1360.h(12): warning:  #1-D: last line of file ends without a newline
  #endif
ssd1360.c(110): warning:  #1-D: last line of file ends without a newline
  }
ssd1360.c: 2 warnings, 0 errors
linking...
Program Size: Code=10332 RO-data=456 RW-data=24 ZI-data=1424  
FromELF: creating hex file...
"Re\Re.axf" - 0 Error(s), 14 Warning(s).

<h2>Software Packages used:</h2>

Package Vendor: ARM
                https://www.keil.com/pack/ARM.CMSIS.6.1.0.pack
                ARM::CMSIS@6.1.0
                CMSIS (Common Microcontroller Software Interface Standard)
   * Component: CORE Version: 6.1.0

Package Vendor: Keil
                https://www.keil.com/pack/Keil.STM32F1xx_DFP.2.4.1.pack
                Keil::STM32F1xx_DFP@2.4.1
                STMicroelectronics STM32F1 Series Device Support, Drivers and Examples

<h2>Collection of Component include folders:</h2>
  ./RTE/_Re
  D:/keil/pack/ARM/CMSIS/6.1.0/CMSIS/Core/Include
  D:/keil/pack/Keil/STM32F1xx_DFP/2.4.1/Device/Include

<h2>Collection of Component Files used:</h2>

   * Component: ARM::CMSIS:CORE@6.1.0
      Include file:  CMSIS/Core/Include/tz_context.h
Build Time Elapsed:  00:00:05
</pre>
</body>
</html>
